// Jest Snapshot v1, https://goo.gl/fbAQLP

exports[`Test NotFoundScreen NotFoundScreen should render correctly, when user is logged 1`] = `
<div>
  <div
    class="not-found-container"
  >
    <span
      class="particle"
    >
      4
    </span>
    <span
      class="particle"
    >
      4
    </span>
    <span
      class="particle"
    >
      4
    </span>
    <span
      class="particle"
    >
      4
    </span>
    <span
      class="particle"
    >
      4
    </span>
    <span
      class="particle"
    >
      4
    </span>
    <span
      class="particle"
    >
      4
    </span>
    <span
      class="particle"
    >
      4
    </span>
    <span
      class="particle"
    >
      4
    </span>
    <span
      class="particle"
    >
      4
    </span>
    <span
      class="particle"
    >
      4
    </span>
    <span
      class="particle"
    >
      4
    </span>
    <span
      class="particle"
    >
      4
    </span>
    <span
      class="particle"
    >
      4
    </span>
    <span
      class="particle"
    >
      4
    </span>
    <span
      class="particle"
    >
      4
    </span>
    <span
      class="particle"
    >
      4
    </span>
    <span
      class="particle"
    >
      4
    </span>
    <span
      class="particle"
    >
      4
    </span>
    <span
      class="particle"
    >
      4
    </span>
    <span
      class="particle"
    >
      4
    </span>
    <span
      class="particle"
    >
      4
    </span>
    <span
      class="particle"
    >
      4
    </span>
    <span
      class="particle"
    >
      4
    </span>
    <span
      class="particle"
    >
      4
    </span>
    <span
      class="particle"
    >
      4
    </span>
    <span
      class="particle"
    >
      4
    </span>
    <span
      class="particle"
    >
      4
    </span>
    <span
      class="particle"
    >
      4
    </span>
    <span
      class="particle"
    >
      4
    </span>
    <span
      class="particle"
    >
      4
    </span>
    <span
      class="particle"
    >
      4
    </span>
    <span
      class="particle"
    >
      4
    </span>
    <span
      class="particle"
    >
      4
    </span>
    <span
      class="particle"
    >
      4
    </span>
    <span
      class="particle"
    >
      4
    </span>
    <span
      class="particle"
    >
      4
    </span>
    <span
      class="particle"
    >
      4
    </span>
    <span
      class="particle"
    >
      4
    </span>
    <span
      class="particle"
    >
      4
    </span>
    <span
      class="particle"
    >
      0
    </span>
    <span
      class="particle"
    >
      0
    </span>
    <span
      class="particle"
    >
      0
    </span>
    <span
      class="particle"
    >
      0
    </span>
    <span
      class="particle"
    >
      0
    </span>
    <span
      class="particle"
    >
      0
    </span>
    <span
      class="particle"
    >
      0
    </span>
    <span
      class="particle"
    >
      0
    </span>
    <span
      class="particle"
    >
      0
    </span>
    <span
      class="particle"
    >
      0
    </span>
    <span
      class="particle"
    >
      0
    </span>
    <span
      class="particle"
    >
      0
    </span>
    <span
      class="particle"
    >
      0
    </span>
    <span
      class="particle"
    >
      0
    </span>
    <span
      class="particle"
    >
      0
    </span>
    <span
      class="particle"
    >
      0
    </span>
    <span
      class="particle"
    >
      0
    </span>
    <span
      class="particle"
    >
      0
    </span>
    <span
      class="particle"
    >
      0
    </span>
    <span
      class="particle"
    >
      0
    </span>
    <span
      class="particle"
    >
      0
    </span>
    <span
      class="particle"
    >
      0
    </span>
    <span
      class="particle"
    >
      0
    </span>
    <span
      class="particle"
    >
      0
    </span>
    <span
      class="particle"
    >
      0
    </span>
    <span
      class="particle"
    >
      0
    </span>
    <span
      class="particle"
    >
      0
    </span>
    <span
      class="particle"
    >
      0
    </span>
    <span
      class="particle"
    >
      0
    </span>
    <span
      class="particle"
    >
      0
    </span>
    <span
      class="particle"
    >
      0
    </span>
    <span
      class="particle"
    >
      0
    </span>
    <span
      class="particle"
    >
      0
    </span>
    <span
      class="particle"
    >
      0
    </span>
    <span
      class="particle"
    >
      0
    </span>
    <span
      class="particle"
    >
      0
    </span>
    <span
      class="particle"
    >
      0
    </span>
    <span
      class="particle"
    >
      0
    </span>
    <span
      class="particle"
    >
      0
    </span>
    <span
      class="particle"
    >
      0
    </span>
    <article
      class="content"
    >
      <p>
        404: Page is not found
      </p>
      <p>
        <a
          class="backward-btn"
          href="/"
        >
          To the main page
        </a>
      </p>
    </article>
  </div>
</div>
`;

exports[`Test NotFoundScreen NotFoundScreen should render correctly, when user is not logged 1`] = `
<div>
  <div
    class="not-found-container"
  >
    <span
      class="particle"
    >
      4
    </span>
    <span
      class="particle"
    >
      4
    </span>
    <span
      class="particle"
    >
      4
    </span>
    <span
      class="particle"
    >
      4
    </span>
    <span
      class="particle"
    >
      4
    </span>
    <span
      class="particle"
    >
      4
    </span>
    <span
      class="particle"
    >
      4
    </span>
    <span
      class="particle"
    >
      4
    </span>
    <span
      class="particle"
    >
      4
    </span>
    <span
      class="particle"
    >
      4
    </span>
    <span
      class="particle"
    >
      4
    </span>
    <span
      class="particle"
    >
      4
    </span>
    <span
      class="particle"
    >
      4
    </span>
    <span
      class="particle"
    >
      4
    </span>
    <span
      class="particle"
    >
      4
    </span>
    <span
      class="particle"
    >
      4
    </span>
    <span
      class="particle"
    >
      4
    </span>
    <span
      class="particle"
    >
      4
    </span>
    <span
      class="particle"
    >
      4
    </span>
    <span
      class="particle"
    >
      4
    </span>
    <span
      class="particle"
    >
      4
    </span>
    <span
      class="particle"
    >
      4
    </span>
    <span
      class="particle"
    >
      4
    </span>
    <span
      class="particle"
    >
      4
    </span>
    <span
      class="particle"
    >
      4
    </span>
    <span
      class="particle"
    >
      4
    </span>
    <span
      class="particle"
    >
      4
    </span>
    <span
      class="particle"
    >
      4
    </span>
    <span
      class="particle"
    >
      4
    </span>
    <span
      class="particle"
    >
      4
    </span>
    <span
      class="particle"
    >
      4
    </span>
    <span
      class="particle"
    >
      4
    </span>
    <span
      class="particle"
    >
      4
    </span>
    <span
      class="particle"
    >
      4
    </span>
    <span
      class="particle"
    >
      4
    </span>
    <span
      class="particle"
    >
      4
    </span>
    <span
      class="particle"
    >
      4
    </span>
    <span
      class="particle"
    >
      4
    </span>
    <span
      class="particle"
    >
      4
    </span>
    <span
      class="particle"
    >
      4
    </span>
    <span
      class="particle"
    >
      0
    </span>
    <span
      class="particle"
    >
      0
    </span>
    <span
      class="particle"
    >
      0
    </span>
    <span
      class="particle"
    >
      0
    </span>
    <span
      class="particle"
    >
      0
    </span>
    <span
      class="particle"
    >
      0
    </span>
    <span
      class="particle"
    >
      0
    </span>
    <span
      class="particle"
    >
      0
    </span>
    <span
      class="particle"
    >
      0
    </span>
    <span
      class="particle"
    >
      0
    </span>
    <span
      class="particle"
    >
      0
    </span>
    <span
      class="particle"
    >
      0
    </span>
    <span
      class="particle"
    >
      0
    </span>
    <span
      class="particle"
    >
      0
    </span>
    <span
      class="particle"
    >
      0
    </span>
    <span
      class="particle"
    >
      0
    </span>
    <span
      class="particle"
    >
      0
    </span>
    <span
      class="particle"
    >
      0
    </span>
    <span
      class="particle"
    >
      0
    </span>
    <span
      class="particle"
    >
      0
    </span>
    <span
      class="particle"
    >
      0
    </span>
    <span
      class="particle"
    >
      0
    </span>
    <span
      class="particle"
    >
      0
    </span>
    <span
      class="particle"
    >
      0
    </span>
    <span
      class="particle"
    >
      0
    </span>
    <span
      class="particle"
    >
      0
    </span>
    <span
      class="particle"
    >
      0
    </span>
    <span
      class="particle"
    >
      0
    </span>
    <span
      class="particle"
    >
      0
    </span>
    <span
      class="particle"
    >
      0
    </span>
    <span
      class="particle"
    >
      0
    </span>
    <span
      class="particle"
    >
      0
    </span>
    <span
      class="particle"
    >
      0
    </span>
    <span
      class="particle"
    >
      0
    </span>
    <span
      class="particle"
    >
      0
    </span>
    <span
      class="particle"
    >
      0
    </span>
    <span
      class="particle"
    >
      0
    </span>
    <span
      class="particle"
    >
      0
    </span>
    <span
      class="particle"
    >
      0
    </span>
    <span
      class="particle"
    >
      0
    </span>
    <article
      class="content"
    >
      <p>
        404: Page is not found
      </p>
      <p>
        <a
          class="backward-btn"
          href="/"
        >
          To the main page
        </a>
      </p>
    </article>
  </div>
</div>
`;
